Microchip MPLAB XC8 Compiler V2.32

Linker command line:

-W-3 --edf=C:\Program Files\Microchip\xc8\v2.32\pic\dat\en_msgs.txt -cn \
  -h+dist/default/production\SeriaComunnication.X.production.sym \
  --cmf=dist/default/production\SeriaComunnication.X.production.cmf -z \
  -Q16F628A -oC:\Users\Usuario\AppData\Local\Temp\xcAs1rnk.4 \
  -Mdist/default/production/SeriaComunnication.X.production.map -E1 \
  -ver=XC8 Compiler -ASTACK=020h-06Fh -pstack=STACK -ACODE=00h-07FFh \
  -ASTRCODE=00h-07FFh -ASTRING=00h-0FFhx8 -ACONST=00h-0FFhx8 \
  -AENTRY=00h-0FFhx8 -ACOMMON=070h-07Fh -ABANK0=020h-06Fh -ABANK1=0A0h-0EFh \
  -ABANK2=0120h-014Fh -ARAM=020h-06Fh,0A0h-0EFh,0120h-014Fh \
  -AABS1=020h-07Fh,0A0h-0EFh,0120h-014Fh -ASFR0=00h-01Fh -ASFR1=080h-09Fh \
  -ASFR2=0100h-011Fh -ASFR3=0180h-01EFh -ACONFIG=02007h-02007h -DCONFIG=2 \
  -AIDLOC=02000h-02003h -DIDLOC=2 -AEEDATA=00h-07Fh/02100h \
  -peeprom_data=EEDATA -DEEDATA=2 -DCODE=2 -DSTRCODE=2 -DSTRING=2 -DCONST=2 \
  -DENTRY=2 -preset_vec=00h,intentry=04h,init,end_init -ppowerup=CODE \
  -pcinit=CODE -pfunctab=ENTRY -k \
  C:\Users\Usuario\AppData\Local\Temp\xcAs1rnk.obj \
  dist/default/production\SeriaComunnication.X.production.obj 

Object code version is 3.11

Machine type is 16F628A



                Name                               Link     Load   Length Selector   Space Scale
C:\Users\Usuario\AppData\Local\Temp\xcAs1rnk.obj
                end_init                              A        A        1        8       0
                reset_vec                             0        0        1        0       0
                config                             2007     2007        1        0       4
dist/default/production\SeriaComunnication.X.production.obj
                cinit                                 B        B        8        8       0
                intentry                              4        4        6        8       0
                config                             2007     2007        1        0       4
                text6                                8D       8D        4        8       0
                text5                                94       94        3        8       0
                text4                                44       44       23        8       0
                text3                                87       87        6        8       0
                text2                                91       91        3        8       0
                text1                                67       67       20        8       0
                maintext                             13       13       31        8       0
                cstackCOMMON                         70       70        7       70       1
                dataCOMMON                           7B       7B        1       70       1
                bssCOMMON                            77       77        4       70       1
                idataCOMMON                          97       97        1        8       0

TOTAL           Name                               Link     Load   Length     Space
        CLASS   STACK          

        CLASS   CODE           
                end_init                              A        A        1         0
                cinit                                 B        B        8         0
                intentry                              4        4        6         0
                reset_vec                             0        0        1         0
                text6                                8D       8D        4         0
                text5                                94       94        3         0
                text4                                44       44       23         0
                text3                                87       87        6         0
                text2                                91       91        3         0
                text1                                67       67       20         0
                maintext                             13       13       31         0
                idataCOMMON                          97       97        1         0

        CLASS   STRCODE        

        CLASS   STRING         

        CLASS   CONST          

        CLASS   ENTRY          

        CLASS   COMMON         
                cstackCOMMON                         70       70        7         1
                dataCOMMON                           7B       7B        1         1
                bssCOMMON                            77       77        4         1

        CLASS   BANK0          

        CLASS   BANK1          

        CLASS   BANK2          

        CLASS   RAM            

        CLASS   ABS1           
                abs_s1                               7E       7E        2         1

        CLASS   SFR0           

        CLASS   SFR1           

        CLASS   SFR2           

        CLASS   SFR3           

        CLASS   CONFIG         
                config                             2007     2007        1         4

        CLASS   IDLOC          

        CLASS   EEDATA         

        CLASS   BANK3          



SEGMENTS        Name                           Load    Length   Top    Selector   Space  Class     Delta

                reset_vec                      000000  000001  000001         0       0  CODE        2
                intentry                       000004  000094  000098         8       0  CODE        2
                cstackCOMMON                   000070  00000C  00007C        70       1  COMMON      1


UNUSED ADDRESS RANGES

        Name                Unused          Largest block    Delta
        BANK0            0020-006F             50           1
        BANK1            00A0-00EF             50           1
        BANK2            0120-014F             30           1
        CODE             0001-0003              3           2
                         0098-07FF            768
        COMMON           007C-007D              2           1
        CONST            0001-0003              3           2
                         0098-07FF            100
        EEDATA           2100-217F             80           2
        ENTRY            0001-0003              3           2
                         0098-07FF            100
        IDLOC            2000-2003              4           2
        RAM              0020-006F             50           1
                         00A0-00EF             50
                         0120-014F             30
        SFR0             0000-001F             20           1
        SFR1             0080-009F             20           1
        SFR2             0100-011F             20           1
        SFR3             0180-01EF             70           1
        STACK            0020-006F             50           1
        STRCODE          0001-0003              3           2
                         0098-07FF            768
        STRING           0001-0003              3           2
                         0098-07FF            100

                                  Symbol Table

TX@a                     cstackCOMMON 0073
_CMCONbits               (abs)        001F
_CREN                    (abs)        00C4
_INTCONbits              (abs)        000B
_ISR                     text4        0044
_PCONbits                (abs)        008E
_PIE1bits                (abs)        008C
_PIR1bits                (abs)        000C
_PORTAbits               (abs)        0005
_RCREG                   (abs)        001A
_RCSTAbits               (abs)        0018
_RX                      text6        008D
_RXIN                    dataCOMMON   007B
_SPBRG                   (abs)        0099
_SPEN                    (abs)        00C7
_TRISAbits               (abs)        0085
_TRISBbits               (abs)        0086
_TX                      text3        0087
_TXREG                   (abs)        0019
_TXSTAbits               (abs)        0098
__Habs1                  abs1         0000
__Hbank0                 bank0        0000
__Hbank1                 bank1        0000
__Hbank2                 bank2        0000
__Hbank3                 bank3        0000
__HbssCOMMON             bssCOMMON    0000
__Hcinit                 cinit        0013
__Hclrtext               clrtext      0000
__Hcode                  code         0000
__Hcommon                common       0000
__Hconfig                config       2008
__HcstackCOMMON          cstackCOMMON 0000
__HdataCOMMON            dataCOMMON   0000
__Heeprom_data           eeprom_data  0000
__Hend_init              end_init     000B
__Hfunctab               functab      0000
__HidataCOMMON           idataCOMMON  0000
__Hinit                  init         000A
__Hintentry              intentry     000A
__Hmaintext              maintext     0000
__Hpowerup               powerup      0000
__Hram                   ram          0000
__Hreset_vec             reset_vec    0001
__Hsfr0                  sfr0         0000
__Hsfr1                  sfr1         0000
__Hsfr2                  sfr2         0000
__Hsfr3                  sfr3         0000
__Hspace_0               (abs)        0098
__Hspace_1               (abs)        007C
__Hspace_2               (abs)        0000
__Hspace_3               (abs)        0000
__Hspace_4               (abs)        400F
__Hstack                 stack        0000
__Hstrings               strings      0000
__Htext                  text         0000
__Labs1                  abs1         0000
__Lbank0                 bank0        0000
__Lbank1                 bank1        0000
__Lbank2                 bank2        0000
__Lbank3                 bank3        0000
__LbssCOMMON             bssCOMMON    0000
__Lcinit                 cinit        000B
__Lclrtext               clrtext      0000
__Lcode                  code         0000
__Lcommon                common       0000
__Lconfig                config       0000
__LcstackCOMMON          cstackCOMMON 0000
__LdataCOMMON            dataCOMMON   0000
__Leeprom_data           eeprom_data  0000
__Lend_init              end_init     000A
__Lfunctab               functab      0000
__LidataCOMMON           idataCOMMON  0000
__Linit                  init         000A
__Lintentry              intentry     0004
__Lmaintext              maintext     0000
__Lpowerup               powerup      0000
__Lram                   ram          0000
__Lreset_vec             reset_vec    0000
__Lsfr0                  sfr0         0000
__Lsfr1                  sfr1         0000
__Lsfr2                  sfr2         0000
__Lsfr3                  sfr3         0000
__Lspace_0               (abs)        0000
__Lspace_1               (abs)        0000
__Lspace_2               (abs)        0000
__Lspace_3               (abs)        0000
__Lspace_4               (abs)        0000
__Lstack                 stack        0000
__Lstrings               strings      0000
__Ltext                  text         0000
__S0                     (abs)        0098
__S1                     (abs)        007C
__S2                     (abs)        0000
__S3                     (abs)        0000
___int_sp                stack        0000
___latbits               (abs)        0000
___sp                    stack        0000
___stackhi               (abs)        0000
___stacklo               (abs)        0000
__end_of_ISR             text4        0067
__end_of_RX              text6        0091
__end_of_TX              text3        008D
__end_of__initialization cinit        0011
__end_of_initMain        text1        0087
__end_of_internal_4      text2        0094
__end_of_main            maintext     0044
__end_of_writeRXIN       text5        0097
__initialization         cinit        000B
__pbssCOMMON             bssCOMMON    0077
__pcstackCOMMON          cstackCOMMON 0070
__pdataCOMMON            dataCOMMON   007B
__pidataCOMMON           idataCOMMON  0097
__pintentry              intentry     0004
__pmaintext              maintext     0013
__ptext1                 text1        0067
__ptext2                 text2        0091
__ptext3                 text3        0087
__ptext4                 text4        0044
__ptext5                 text5        0094
__ptext6                 text6        008D
__size_of_ISR            (abs)        0000
__size_of_RX             (abs)        0000
__size_of_TX             (abs)        0000
__size_of_initMain       (abs)        0000
__size_of_internal_4     (abs)        0000
__size_of_main           (abs)        0000
__size_of_writeRXIN      (abs)        0000
_flagRXFramingError      bssCOMMON    0079
_flagRXOverrunError      bssCOMMON    0077
_initMain                text1        0067
_internal_4              text2        0091
_main                    maintext     0013
_writeRXIN               text5        0094
btemp                    (abs)        007E
end_of_initialization    cinit        0011
interrupt_function       intentry     0004
intlevel0                functab      0000
intlevel1                functab      0000
intlevel2                functab      0000
intlevel3                functab      0000
intlevel4                functab      0000
intlevel5                functab      0000
reset_vec                reset_vec    0000
saved_w                  (abs)        007E
start                    init         000A
start_initialization     cinit        000B
writeRXIN@a              cstackCOMMON 0070
wtemp0                   (abs)        007E


MODULE INFORMATION

Module		Function		Class		Link	Load	Size
usart.c
		_ISR           		CODE           	0044	0000	35
		_writeRXIN     		CODE           	0094	0000	3
		_internal_4    		CODE           	0091	0000	3
		_RX            		CODE           	008D	0000	4
		_TX            		CODE           	0087	0000	6

usart.c estimated size: 51

shared
		__initialization		CODE           	000B	0000	6

shared estimated size: 6

main.c
		_main          		CODE           	0013	0000	49
		_initMain      		CODE           	0067	0000	32

main.c estimated size: 81

